1791093489.173504 client started (993482): version 3.4, socket /tmp/tmux-1000/default, protocol 8
1791093489.173560 on Linux 5.10.0-45-amd64 #1 SMP Debian 5.10.259-1 (2026-07-02)
1791093489.173569 using libevent 2.1.12-stable poll
1791093489.173575 using ncurses 6.4 20240113
1791093489.173594 flags are 0x18010000
1791093489.173615 socket is /tmp/tmux-1000/default
1791093489.173628 trying connect
1791093489.173648 connect failed: Connection refused
1791093489.173660 lock file is /tmp/tmux-1000/default.lock
1791093489.173732 flock succeeded
1791093489.173746 got lock (8)
1791093489.173758 trying connect
1791093489.173777 connect failed: Connection refused
1791093489.174122 add peer 0x55dc2d40a040: 9 ((nil))
1791093489.174542 sending message 100 to peer 0x55dc2d40a040 (4 bytes)
1791093489.174564 sending message 111 to peer 0x55dc2d40a040 (8 bytes)
1791093489.174572 sending message 101 to peer 0x55dc2d40a040 (5 bytes)
1791093489.174578 sending message 109 to peer 0x55dc2d40a040 (4 bytes)
1791093489.174585 sending message 102 to peer 0x55dc2d40a040 (12 bytes)
1791093489.174592 sending message 108 to peer 0x55dc2d40a040 (33 bytes)
1791093489.174598 sending message 112 to peer 0x55dc2d40a040 (5 bytes)
1791093489.174605 sending message 112 to peer 0x55dc2d40a040 (6 bytes)
1791093489.174612 sending message 112 to peer 0x55dc2d40a040 (6 bytes)
1791093489.174619 sending message 112 to peer 0x55dc2d40a040 (7 bytes)
1791093489.174627 sending message 104 to peer 0x55dc2d40a040 (0 bytes)
1791093489.174634 sending message 110 to peer 0x55dc2d40a040 (0 bytes)
1791093489.174641 sending message 107 to peer 0x55dc2d40a040 (4 bytes)
1791093489.174648 sending message 105 to peer 0x55dc2d40a040 (45 bytes)
1791093489.174654 sending message 105 to peer 0x55dc2d40a040 (39 bytes)
1791093489.174661 sending message 105 to peer 0x55dc2d40a040 (20 bytes)
1791093489.174668 sending message 105 to peer 0x55dc2d40a040 (29 bytes)
1791093489.174674 sending message 105 to peer 0x55dc2d40a040 (10 bytes)
1791093489.174681 sending message 105 to peer 0x55dc2d40a040 (22 bytes)
1791093489.174688 sending message 105 to peer 0x55dc2d40a040 (35 bytes)
1791093489.174694 sending message 105 to peer 0x55dc2d40a040 (21 bytes)
1791093489.174701 sending message 105 to peer 0x55dc2d40a040 (67 bytes)
1791093489.174708 sending message 105 to peer 0x55dc2d40a040 (10 bytes)
1791093489.174714 sending message 105 to peer 0x55dc2d40a040 (37 bytes)
1791093489.174721 sending message 105 to peer 0x55dc2d40a040 (16 bytes)
1791093489.174727 sending message 105 to peer 0x55dc2d40a040 (50 bytes)
1791093489.174734 sending message 105 to peer 0x55dc2d40a040 (13 bytes)
1791093489.174741 sending message 105 to peer 0x55dc2d40a040 (17 bytes)
1791093489.174749 sending message 105 to peer 0x55dc2d40a040 (1817 bytes)
1791093489.174768 sending message 105 to peer 0x55dc2d40a040 (10 bytes)
1791093489.174776 sending message 105 to peer 0x55dc2d40a040 (20 bytes)
1791093489.174783 sending message 105 to peer 0x55dc2d40a040 (71 bytes)
1791093489.174790 sending message 105 to peer 0x55dc2d40a040 (48 bytes)
1791093489.174796 sending message 105 to peer 0x55dc2d40a040 (60 bytes)
1791093489.174803 sending message 105 to peer 0x55dc2d40a040 (15 bytes)
1791093489.174810 sending message 105 to peer 0x55dc2d40a040 (54 bytes)
1791093489.174816 sending message 105 to peer 0x55dc2d40a040 (28 bytes)
1791093489.174822 sending message 105 to peer 0x55dc2d40a040 (31 bytes)
1791093489.174828 sending message 105 to peer 0x55dc2d40a040 (35 bytes)
1791093489.174835 sending message 105 to peer 0x55dc2d40a040 (65 bytes)
1791093489.174841 sending message 105 to peer 0x55dc2d40a040 (34 bytes)
1791093489.174847 sending message 105 to peer 0x55dc2d40a040 (10 bytes)
1791093489.174854 sending message 105 to peer 0x55dc2d40a040 (32 bytes)
1791093489.174860 sending message 105 to peer 0x55dc2d40a040 (14 bytes)
1791093489.174867 sending message 105 to peer 0x55dc2d40a040 (51 bytes)
1791093489.174873 sending message 105 to peer 0x55dc2d40a040 (93 bytes)
1791093489.174881 sending message 105 to peer 0x55dc2d40a040 (54 bytes)
1791093489.174889 sending message 105 to peer 0x55dc2d40a040 (1177 bytes)
1791093489.174907 sending message 105 to peer 0x55dc2d40a040 (8 bytes)
1791093489.174915 sending message 105 to peer 0x55dc2d40a040 (10 bytes)
1791093489.174922 sending message 105 to peer 0x55dc2d40a040 (36 bytes)
1791093489.174929 sending message 105 to peer 0x55dc2d40a040 (20 bytes)
1791093489.174936 sending message 105 to peer 0x55dc2d40a040 (49 bytes)
1791093489.174943 sending message 105 to peer 0x55dc2d40a040 (29 bytes)
1791093489.174950 sending message 105 to peer 0x55dc2d40a040 (63 bytes)
1791093489.174957 sending message 105 to peer 0x55dc2d40a040 (57 bytes)
1791093489.174963 sending message 105 to peer 0x55dc2d40a040 (48 bytes)
1791093489.174970 sending message 105 to peer 0x55dc2d40a040 (34 bytes)
1791093489.174977 sending message 105 to peer 0x55dc2d40a040 (22 bytes)
1791093489.174984 sending message 105 to peer 0x55dc2d40a040 (43 bytes)
1791093489.174991 sending message 105 to peer 0x55dc2d40a040 (88 bytes)
1791093489.174998 sending message 105 to peer 0x55dc2d40a040 (59 bytes)
1791093489.175005 sending message 105 to peer 0x55dc2d40a040 (254 bytes)
1791093489.175014 sending message 105 to peer 0x55dc2d40a040 (41 bytes)
1791093489.175024 sending message 105 to peer 0x55dc2d40a040 (57 bytes)
1791093489.175032 sending message 105 to peer 0x55dc2d40a040 (36 bytes)
1791093489.175041 sending message 105 to peer 0x55dc2d40a040 (20 bytes)
1791093489.175049 sending message 105 to peer 0x55dc2d40a040 (78 bytes)
1791093489.175056 sending message 105 to peer 0x55dc2d40a040 (19 bytes)
1791093489.175063 sending message 106 to peer 0x55dc2d40a040 (0 bytes)
1791093489.175104 cmd_pack_argv: argv[0]=new-session
1791093489.175113 cmd_pack_argv: argv[1]=-d
1791093489.175119 cmd_pack_argv: argv[2]=-s
1791093489.175125 cmd_pack_argv: argv[3]=agent-session
1791093489.175131 cmd_pack_argv: argv[4]=bash
1791093489.175138 sending message 200 to peer 0x55dc2d40a040 (41 bytes)
1791093489.175144 client loop enter
1791093489.175167 client_signal: Child exited
1791093489.289231 peer 0x55dc2d40a040 message 203
1791093489.289252 client loop exit
